Testing user jhetros...
User found: 8 Role: customer

   Illuminate\Database\QueryException 

  SQLSTATE[42S02]: Base table or view not found: 1146 Table 'xeta.sessions' doesn't exist (Connection: mysql, Host: 127.0.0.1, Port: 3306, Database: xeta, SQL: delete from `sessions` where `id` = GSrTntr72YvxYTGQS1waVzRjhwuV6R2IX8QmXTQZ)

  at vendor\laravel\framework\src\Illuminate\Database\Connection.php:838
    834Γûò             $exceptionType = $this->isUniqueConstraintError($e)
    835Γûò                 ? UniqueConstraintViolationException::class
    836Γûò                 : QueryException::class;
    837Γûò 
  Γ₧£ 838Γûò             throw new $exceptionType(
    839Γûò                 $this->getNameWithReadWriteType(),
    840Γûò                 $query,
    841Γûò                 $this->prepareBindings($bindings),
    842Γûò                 $e,

  1   vendor\laravel\framework\src\Illuminate\Database\Connection.php:605
      PDOException::("SQLSTATE[42S02]: Base table or view not found: 1146 Table 'xeta.sessions' doesn't exist")

  2   vendor\laravel\framework\src\Illuminate\Database\Connection.php:605
      PDO::prepare("delete from `sessions` where `id` = ?")

